Collecting rdflib (from -r requirements.txt (line 1))
  Using cached rdflib-7.6.0-py3-none-any.whl.metadata (12 kB)
Collecting pyshacl (from -r requirements.txt (line 2))
  Using cached pyshacl-0.40.1-py3-none-any.whl.metadata (38 kB)
Collecting pandas (from -r requirements.txt (line 3))
  Using cached pandas-3.0.5-cp312-cp312-manylinux_2_24_x86_64.manylinux_2_28_x86_64.whl.metadata (79 kB)
Collecting matplotlib (from -r requirements.txt (line 4))
  Using cached matplotlib-3.11.1-cp312-cp312-manylinux2014_x86_64.manylinux_2_17_x86_64.whl.metadata (80 kB)
Collecting streamlit (from -r requirements.txt (line 5))
  Using cached streamlit-1.63.0-py3-none-any.whl.metadata (10 kB)
Collecting jinja2 (from -r requirements.txt (line 6))
  Using cached jinja2-3.1.6-py3-none-any.whl.metadata (2.9 kB)
Collecting fastapi (from -r requirements.txt (line 7))
  Using cached fastapi-0.141.1-py3-none-any.whl.metadata (27 kB)
Collecting python-multipart (from -r requirements.txt (line 9))
  Using cached python_multipart-0.0.32-py3-none-any.whl.metadata (2.1 kB)
Collecting uvicorn[standard] (from -r requirements.txt (line 8))
  Using cached uvicorn-0.52.4-py3-none-any.whl.metadata (6.6 kB)
Collecting pyparsing<4,>=2.1.0 (from rdflib->-r requirements.txt (line 1))
  Using cached pyparsing-3.3.2-py3-none-any.whl.metadata (5.8 kB)
Collecting owlrl<8,>=7.6.2 (from pyshacl->-r requirements.txt (line 2))
  Using cached owlrl-7.6.2-py3-none-any.whl.metadata (4.6 kB)
Collecting packaging>=21.3 (from pyshacl->-r requirements.txt (line 2))
  Using cached packaging-26.3-py3-none-any.whl.metadata (3.5 kB)
Collecting prettytable>=3.7.0 (from pyshacl->-r requirements.txt (line 2))
  Using cached prettytable-3.18.0-py3-none-any.whl.metadata (37 kB)
Collecting numpy>=1.26.0 (from pandas->-r requirements.txt (line 3))
  Using cached numpy-2.5.2-cp312-cp312-manylinux_2_27_x86_64.manylinux_2_28_x86_64.whl.metadata (6.6 kB)
Collecting python-dateutil>=2.8.2 (from pandas->-r requirements.txt (line 3))
  Using cached python_dateutil-2.9.0.post0-py2.py3-none-any.whl.metadata (8.4 kB)
Collecting contourpy>=1.0.1 (from matplotlib->-r requirements.txt (line 4))
  Using cached contourpy-1.3.3-cp312-cp312-manylinux_2_27_x86_64.manylinux_2_28_x86_64.whl.metadata (5.5 kB)
Collecting cycler>=0.10 (from matplotlib->-r requirements.txt (line 4))
  Using cached cycler-0.12.1-py3-none-any.whl.metadata (3.8 kB)
Collecting fonttools>=4.28.2 (from matplotlib->-r requirements.txt (line 4))
  Using cached fonttools-4.64.0-cp312-cp312-manylinux2014_x86_64.manylinux_2_17_x86_64.whl.metadata (123 kB)
Collecting kiwisolver>=1.3.1 (from matplotlib->-r requirements.txt (line 4))
  Using cached kiwisolver-1.5.1-cp312-cp312-manylinux2014_x86_64.manylinux_2_17_x86_64.whl.metadata (5.2 kB)
Collecting pillow>=9 (from matplotlib->-r requirements.txt (line 4))
  Using cached pillow-12.3.0-cp312-cp312-manylinux_2_27_x86_64.manylinux_2_28_x86_64.whl.metadata (9.1 kB)
Collecting altair!=5.4.0,!=5.4.1,<7,>=5.0.0 (from streamlit->-r requirements.txt (line 5))
  Using cached altair-6.2.2-py3-none-any.whl.metadata (11 kB)
Collecting click<9,>=7.0 (from streamlit->-r requirements.txt (line 5))
  Using cached click-8.5.0-py3-none-any.whl.metadata (2.6 kB)
Collecting pydeck<1,>=0.8.0b4 (from streamlit->-r requirements.txt (line 5))
  Using cached pydeck-0.9.3-py2.py3-none-any.whl.metadata (4.2 kB)
Collecting protobuf<8,>=5.26.1 (from streamlit->-r requirements.txt (line 5))
  Using cached protobuf-7.36.1-cp310-abi3-manylinux2014_x86_64.whl.metadata (595 bytes)
Collecting pyarrow!=25.0.0,<26,>=7.0 (from streamlit->-r requirements.txt (line 5))
  Using cached pyarrow-25.0.1-cp312-cp312-manylinux_2_28_x86_64.whl.metadata (3.0 kB)
Collecting requests<3,>=2.27 (from streamlit->-r requirements.txt (line 5))
  Using cached requests-2.34.2-py3-none-any.whl.metadata (4.8 kB)
Collecting toml<2,>=0.10.1 (from streamlit->-r requirements.txt (line 5))
  Using cached toml-0.10.2-py2.py3-none-any.whl.metadata (7.1 kB)
Collecting typing-extensions<5,>=4.10.0 (from streamlit->-r requirements.txt (line 5))
  Using cached typing_extensions-4.16.0-py3-none-any.whl.metadata (3.3 kB)
Collecting starlette<2,>=0.46.0 (from streamlit->-r requirements.txt (line 5))
  Using cached starlette-1.6.0-py3-none-any.whl.metadata (6.4 kB)
Collecting httptools<1,>=0.6.3 (from streamlit->-r requirements.txt (line 5))
  Using cached httptools-0.8.0-cp312-cp312-manylinux1_x86_64.manylinux_2_28_x86_64.manylinux_2_5_x86_64.whl.metadata (3.5 kB)
Collecting anyio<5,>=4.0.0 (from streamlit->-r requirements.txt (line 5))
  Using cached anyio-4.15.1-py3-none-any.whl.metadata (4.7 kB)
Collecting websockets<17,>=12.0.0 (from streamlit->-r requirements.txt (line 5))
  Using cached websockets-16.1.1-cp312-cp312-manylinux1_x86_64.manylinux_2_28_x86_64.manylinux_2_5_x86_64.whl.metadata (6.8 kB)
Collecting itsdangerous<3,>=2.1.2 (from streamlit->-r requirements.txt (line 5))
  Using cached itsdangerous-2.2.0-py3-none-any.whl.metadata (1.9 kB)
Collecting watchdog<7,>=2.1.5 (from streamlit->-r requirements.txt (line 5))
  Using cached watchdog-6.0.0-py3-none-manylinux2014_x86_64.whl.metadata (44 kB)
Collecting MarkupSafe>=2.0 (from jinja2->-r requirements.txt (line 6))
  Using cached markupsafe-3.0.3-cp312-cp312-manylinux2014_x86_64.manylinux_2_17_x86_64.manylinux_2_28_x86_64.whl.metadata (2.7 kB)
Collecting pydantic>=2.9.0 (from fastapi->-r requirements.txt (line 7))
  Using cached pydantic-2.13.5-py3-none-any.whl.metadata (110 kB)
Collecting typing-inspection>=0.4.2 (from fastapi->-r requirements.txt (line 7))
  Using cached typing_inspection-0.4.4-py3-none-any.whl.metadata (2.6 kB)
Collecting annotated-doc>=0.0.2 (from fastapi->-r requirements.txt (line 7))
  Using cached annotated_doc-0.0.5-py3-none-any.whl.metadata (6.5 kB)
Collecting h11>=0.8 (from uvicorn[standard]->-r requirements.txt (line 8))
  Using cached h11-0.16.0-py3-none-any.whl.metadata (8.3 kB)
Collecting python-dotenv>=0.13 (from uvicorn[standard]->-r requirements.txt (line 8))
  Using cached python_dotenv-1.2.3-py3-none-any.whl.metadata (29 kB)
Collecting pyyaml>=5.1 (from uvicorn[standard]->-r requirements.txt (line 8))
  Using cached pyyaml-6.0.3-cp312-cp312-manylinux2014_x86_64.manylinux_2_17_x86_64.manylinux_2_28_x86_64.whl.metadata (2.4 kB)
Collecting uvloop>=0.15.1 (from uvicorn[standard]->-r requirements.txt (line 8))
  Using cached uvloop-0.22.1-cp312-cp312-manylinux2014_x86_64.manylinux_2_17_x86_64.manylinux_2_28_x86_64.whl.metadata (4.9 kB)
Collecting watchfiles>=0.20 (from uvicorn[standard]->-r requirements.txt (line 8))
  Using cached watchfiles-1.2.0-cp312-cp312-manylinux_2_17_x86_64.manylinux2014_x86_64.whl.metadata (4.9 kB)
Collecting jsonschema>=3.0 (from altair!=5.4.0,!=5.4.1,<7,>=5.0.0->streamlit->-r requirements.txt (line 5))
  Using cached jsonschema-4.26.0-py3-none-any.whl.metadata (7.6 kB)
Collecting narwhals>=2.4.0 (from altair!=5.4.0,!=5.4.1,<7,>=5.0.0->streamlit->-r requirements.txt (line 5))
  Using cached narwhals-2.25.0-py3-none-any.whl.metadata (15 kB)
Collecting idna>=2.8 (from anyio<5,>=4.0.0->streamlit->-r requirements.txt (line 5))
  Using cached idna-3.19-py3-none-any.whl.metadata (9.2 kB)
Collecting wcwidth>=0.3.5 (from prettytable>=3.7.0->pyshacl->-r requirements.txt (line 2))
  Using cached wcwidth-0.8.3-py3-none-any.whl.metadata (43 kB)
Collecting annotated-types>=0.6.0 (from pydantic>=2.9.0->fastapi->-r requirements.txt (line 7))
  Using cached annotated_types-0.8.0-py3-none-any.whl.metadata (15 kB)
Collecting pydantic-core==2.46.5 (from pydantic>=2.9.0->fastapi->-r requirements.txt (line 7))
  Using cached pydantic_core-2.46.5-cp312-cp312-manylinux_2_17_x86_64.manylinux2014_x86_64.whl.metadata (6.6 kB)
Collecting six>=1.5 (from python-dateutil>=2.8.2->pandas->-r requirements.txt (line 3))
  Using cached six-1.17.0-py2.py3-none-any.whl.metadata (1.7 kB)
Collecting html5rdf<2,>=1.2 (from rdflib[html]<8.0,>=7.3.0->pyshacl->-r requirements.txt (line 2))
  Using cached html5rdf-1.2.1-py2.py3-none-any.whl.metadata (7.5 kB)
Collecting charset_normalizer<4,>=2 (from requests<3,>=2.27->streamlit->-r requirements.txt (line 5))
  Using cached charset_normalizer-3.5.1-cp312-cp312-manylinux2014_x86_64.manylinux_2_17_x86_64.manylinux_2_28_x86_64.whl.metadata (45 kB)
Collecting urllib3<3,>=1.26 (from requests<3,>=2.27->streamlit->-r requirements.txt (line 5))
  Using cached urllib3-2.7.0-py3-none-any.whl.metadata (6.9 kB)
Collecting certifi>=2023.5.7 (from requests<3,>=2.27->streamlit->-r requirements.txt (line 5))
  Using cached certifi-2026.7.22-py3-none-any.whl.metadata (2.5 kB)
Collecting attrs>=22.2.0 (from jsonschema>=3.0->altair!=5.4.0,!=5.4.1,<7,>=5.0.0->streamlit->-r requirements.txt (line 5))
  Using cached attrs-26.1.0-py3-none-any.whl.metadata (8.8 kB)
Collecting jsonschema-specifications>=2023.03.6 (from jsonschema>=3.0->altair!=5.4.0,!=5.4.1,<7,>=5.0.0->streamlit->-r requirements.txt (line 5))
  Using cached jsonschema_specifications-2025.9.1-py3-none-any.whl.metadata (2.9 kB)
Collecting referencing>=0.28.4 (from jsonschema>=3.0->altair!=5.4.0,!=5.4.1,<7,>=5.0.0->streamlit->-r requirements.txt (line 5))
  Using cached referencing-0.37.0-py3-none-any.whl.metadata (2.8 kB)
Collecting rpds-py>=0.25.0 (from jsonschema>=3.0->altair!=5.4.0,!=5.4.1,<7,>=5.0.0->streamlit->-r requirements.txt (line 5))
  Using cached rpds_py-2026.6.3-cp312-cp312-manylinux_2_17_x86_64.manylinux2014_x86_64.whl.metadata (4.1 kB)
Using cached rdflib-7.6.0-py3-none-any.whl (615 kB)
Using cached pyshacl-0.40.1-py3-none-any.whl (1.3 MB)
Using cached pandas-3.0.5-cp312-cp312-manylinux_2_24_x86_64.manylinux_2_28_x86_64.whl (11.0 MB)
Using cached matplotlib-3.11.1-cp312-cp312-manylinux2014_x86_64.manylinux_2_17_x86_64.whl (10.0 MB)
Using cached streamlit-1.63.0-py3-none-any.whl (10.5 MB)
Using cached jinja2-3.1.6-py3-none-any.whl (134 kB)
Using cached fastapi-0.141.1-py3-none-any.whl (131 kB)
Using cached python_multipart-0.0.32-py3-none-any.whl (30 kB)
Using cached altair-6.2.2-py3-none-any.whl (797 kB)
Using cached annotated_doc-0.0.5-py3-none-any.whl (5.3 kB)
Using cached anyio-4.15.1-py3-none-any.whl (132 kB)
Using cached click-8.5.0-py3-none-any.whl (125 kB)
Using cached contourpy-1.3.3-cp312-cp312-manylinux_2_27_x86_64.manylinux_2_28_x86_64.whl (362 kB)
Using cached cycler-0.12.1-py3-none-any.whl (8.3 kB)
Using cached fonttools-4.64.0-cp312-cp312-manylinux2014_x86_64.manylinux_2_17_x86_64.whl (5.4 MB)
Using cached h11-0.16.0-py3-none-any.whl (37 kB)
Using cached httptools-0.8.0-cp312-cp312-manylinux1_x86_64.manylinux_2_28_x86_64.manylinux_2_5_x86_64.whl (523 kB)
Using cached itsdangerous-2.2.0-py3-none-any.whl (16 kB)
Using cached kiwisolver-1.5.1-cp312-cp312-manylinux2014_x86_64.manylinux_2_17_x86_64.whl (1.5 MB)
Using cached markupsafe-3.0.3-cp312-cp312-manylinux2014_x86_64.manylinux_2_17_x86_64.manylinux_2_28_x86_64.whl (22 kB)
Using cached numpy-2.5.2-cp312-cp312-manylinux_2_27_x86_64.manylinux_2_28_x86_64.whl (16.7 MB)
Using cached owlrl-7.6.2-py3-none-any.whl (55 kB)
Using cached packaging-26.3-py3-none-any.whl (129 kB)
Using cached pillow-12.3.0-cp312-cp312-manylinux_2_27_x86_64.manylinux_2_28_x86_64.whl (6.9 MB)
Using cached prettytable-3.18.0-py3-none-any.whl (37 kB)
Using cached protobuf-7.36.1-cp310-abi3-manylinux2014_x86_64.whl (343 kB)
Using cached pyarrow-25.0.1-cp312-cp312-manylinux_2_28_x86_64.whl (50.1 MB)
Using cached pydantic-2.13.5-py3-none-any.whl (472 kB)
Using cached pydantic_core-2.46.5-cp312-cp312-manylinux_2_17_x86_64.manylinux2014_x86_64.whl (2.1 MB)
Using cached pydeck-0.9.3-py2.py3-none-any.whl (11.4 MB)
Using cached pyparsing-3.3.2-py3-none-any.whl (122 kB)
Using cached python_dateutil-2.9.0.post0-py2.py3-none-any.whl (229 kB)
Using cached python_dotenv-1.2.3-py3-none-any.whl (22 kB)
Using cached pyyaml-6.0.3-cp312-cp312-manylinux2014_x86_64.manylinux_2_17_x86_64.manylinux_2_28_x86_64.whl (807 kB)
Using cached requests-2.34.2-py3-none-any.whl (73 kB)
Using cached starlette-1.6.0-py3-none-any.whl (75 kB)
Using cached toml-0.10.2-py2.py3-none-any.whl (16 kB)
Using cached typing_extensions-4.16.0-py3-none-any.whl (45 kB)
Using cached typing_inspection-0.4.4-py3-none-any.whl (14 kB)
Using cached uvicorn-0.52.4-py3-none-any.whl (79 kB)
Using cached uvloop-0.22.1-cp312-cp312-manylinux2014_x86_64.manylinux_2_17_x86_64.manylinux_2_28_x86_64.whl (4.4 MB)
Using cached watchdog-6.0.0-py3-none-manylinux2014_x86_64.whl (79 kB)
Using cached watchfiles-1.2.0-cp312-cp312-manylinux_2_17_x86_64.manylinux2014_x86_64.whl (456 kB)
Using cached websockets-16.1.1-cp312-cp312-manylinux1_x86_64.manylinux_2_28_x86_64.manylinux_2_5_x86_64.whl (187 kB)
Using cached annotated_types-0.8.0-py3-none-any.whl (13 kB)
Using cached certifi-2026.7.22-py3-none-any.whl (136 kB)
Using cached charset_normalizer-3.5.1-cp312-cp312-manylinux2014_x86_64.manylinux_2_17_x86_64.manylinux_2_28_x86_64.whl (248 kB)
Using cached html5rdf-1.2.1-py2.py3-none-any.whl (109 kB)
Using cached idna-3.19-py3-none-any.whl (68 kB)
Using cached jsonschema-4.26.0-py3-none-any.whl (90 kB)
Using cached narwhals-2.25.0-py3-none-any.whl (467 kB)
Using cached six-1.17.0-py2.py3-none-any.whl (11 kB)
Using cached urllib3-2.7.0-py3-none-any.whl (131 kB)
Using cached wcwidth-0.8.3-py3-none-any.whl (331 kB)
Using cached attrs-26.1.0-py3-none-any.whl (67 kB)
Using cached jsonschema_specifications-2025.9.1-py3-none-any.whl (18 kB)
Using cached referencing-0.37.0-py3-none-any.whl (26 kB)
Using cached rpds_py-2026.6.3-cp312-cp312-manylinux_2_17_x86_64.manylinux2014_x86_64.whl (366 kB)
Installing collected packages: websockets, wcwidth, watchdog, uvloop, urllib3, typing-extensions, toml, six, rpds-py, pyyaml, python-multipart, python-dotenv, pyparsing, pyarrow, protobuf, pillow, packaging, numpy, narwhals, MarkupSafe, kiwisolver, itsdangerous, idna, httptools, html5rdf, h11, fonttools, cycler, click, charset_normalizer, certifi, attrs, annotated-types, annotated-doc, uvicorn, typing-inspection, requests, referencing, rdflib, python-dateutil, pydantic-core, prettytable, jinja2, contourpy, anyio, watchfiles, starlette, pydeck, pydantic, pandas, owlrl, matplotlib, jsonschema-specifications, pyshacl, jsonschema, fastapi, altair, streamlit
Successfully installed MarkupSafe-3.0.3 altair-6.2.2 annotated-doc-0.0.5 annotated-types-0.8.0 anyio-4.15.1 attrs-26.1.0 certifi-2026.7.22 charset_normalizer-3.5.1 click-8.5.0 contourpy-1.3.3 cycler-0.12.1 fastapi-0.141.1 fonttools-4.64.0 h11-0.16.0 html5rdf-1.2.1 httptools-0.8.0 idna-3.19 itsdangerous-2.2.0 jinja2-3.1.6 jsonschema-4.26.0 jsonschema-specifications-2025.9.1 kiwisolver-1.5.1 matplotlib-3.11.1 narwhals-2.25.0 numpy-2.5.2 owlrl-7.6.2 packaging-26.3 pandas-3.0.5 pillow-12.3.0 prettytable-3.18.0 protobuf-7.36.1 pyarrow-25.0.1 pydantic-2.13.5 pydantic-core-2.46.5 pydeck-0.9.3 pyparsing-3.3.2 pyshacl-0.40.1 python-dateutil-2.9.0.post0 python-dotenv-1.2.3 python-multipart-0.0.32 pyyaml-6.0.3 rdflib-7.6.0 referencing-0.37.0 requests-2.34.2 rpds-py-2026.6.3 six-1.17.0 starlette-1.6.0 streamlit-1.63.0 toml-0.10.2 typing-extensions-4.16.0 typing-inspection-0.4.4 urllib3-2.7.0 uvicorn-0.52.4 uvloop-0.22.1 watchdog-6.0.0 watchfiles-1.2.0 wcwidth-0.8.3 websockets-16.1.1
	Command being timed: "./venv/bin/pip install -r requirements.txt"
	User time (seconds): 11.99
	System time (seconds): 0.70
	Percent of CPU this job got: 86%
	Elapsed (wall clock) time (h:mm:ss or m:ss): 0:14.70
	Average shared text size (kbytes): 0
	Average unshared data size (kbytes): 0
	Average stack size (kbytes): 0
	Average total size (kbytes): 0
	Maximum resident set size (kbytes): 211300
	Average resident set size (kbytes): 0
	Major (requiring I/O) page faults: 0
	Minor (reclaiming a frame) page faults: 71677
	Voluntary context switches: 482
	Involuntary context switches: 122
	Swaps: 0
	File system inputs: 0
	File system outputs: 1417288
	Socket messages sent: 0
	Socket messages received: 0
	Signals delivered: 0
	Page size (bytes): 4096
	Exit status: 0
